// Jest Snapshot v1, https://goo.gl/fbAQLP

exports[`should render AuthPage component 1`] = `ShallowWrapper {}`;
